79423.analytics.edgekey.net 存在于黑白名单
WhiteLine#4 BlackLine#7613 父域: analytics.edgekey.net@BlackLine#32526

action.metaffiliation.com 存在于黑白名单
WhiteLine#12 BlackLine#16787 父域: metaffiliation.com@BlackLine#193238

ad.ourgame.com 存在于黑白名单
WhiteLine#16 BlackLine#17931

admin.dable.io 存在于黑白名单
WhiteLine#18 BlackLine#20054 父域: dable.io@BlackLine#84021

afi-b.com 存在于黑白名单
WhiteLine#21 BlackLine#25866

api-access.pangolin-sdk-toutiao1.com 存在于黑白名单
WhiteLine#25 BlackLine#35466 父域: pangolin-sdk-toutiao1.com@BlackLine#221641

api.sec.miui.com 存在于黑白名单
WhiteLine#31 BlackLine#36526

app.adjust.com 存在于黑白名单
WhiteLine#34 BlackLine#37287 父域: adjust.com@BlackLine#19758

app.appsflyer.com 存在于黑白名单
WhiteLine#35 BlackLine#37315 父域: appsflyer.com@BlackLine#39117

awin1.com 存在于黑白名单
WhiteLine#39 BlackLine#44544

config2.cmpassport.com 存在于黑白名单
WhiteLine#69 BlackLine#74846

content.ingbank.pl 存在于黑白名单
WhiteLine#70 BlackLine#75820

data.digital.costco.ca 存在于黑白名单
WhiteLine#78 BlackLine#87370

data.digital.costco.com 存在于黑白名单
WhiteLine#79 BlackLine#87371

data.orders.costco.com 存在于黑白名单
WhiteLine#80 BlackLine#88112

e.customeriomail.com 存在于黑白名单
WhiteLine#81 BlackLine#100293

go.redirectingat.com 存在于黑白名单
WhiteLine#96 BlackLine#129831 父域: redirectingat.com@BlackLine#248077

hb.afl.rakuten.co.jp 存在于黑白名单
WhiteLine#104 BlackLine#139684

heukmsactivator.com 存在于黑白名单
WhiteLine#106 BlackLine#141304

hot.browser.miui.com 存在于黑白名单
WhiteLine#109 BlackLine#144002 父域: browser.miui.com@BlackLine#57762

log.mmstat.com 存在于黑白名单
WhiteLine#132 BlackLine#180865 父域: mmstat.com@BlackLine#198029

log2.cmpassport.com 存在于黑白名单
WhiteLine#133 BlackLine#181052

logentries.com 存在于黑白名单
WhiteLine#134 BlackLine#181158

marketing.net.idealo-partner.com 存在于黑白名单
WhiteLine#138 BlackLine#188863

mis.g.mi.com 存在于黑白名单
WhiteLine#141 BlackLine#197126

omniture.walmart.com 存在于黑白名单
WhiteLine#151 BlackLine#215666

omsc.kpn.com 存在于黑白名单
WhiteLine#152 BlackLine#215764

pagead.l.doubleclick.net 存在于黑白名单
WhiteLine#154 BlackLine#220847 父域: doubleclick.net@BlackLine#96985

proto2ad.durasite.net 存在于黑白名单
WhiteLine#160 BlackLine#237330

px.a8.net 存在于黑白名单
WhiteLine#164 BlackLine#241406 父域: a8.net@BlackLine#12871

recommender.scarabresearch.com 存在于黑白名单
WhiteLine#167 BlackLine#247694 父域: scarabresearch.com@BlackLine#260256

sax.sina.com.cn 存在于黑白名单
WhiteLine#177 BlackLine#259762

security.browser.miui.com 存在于黑白名单
WhiteLine#181 BlackLine#263022 父域: browser.miui.com@BlackLine#57762

security.snssdk.com 存在于黑白名单
WhiteLine#182 BlackLine#263029

sedge.nfl.com 存在于黑白名单
WhiteLine#183 BlackLine#263101

sentry.d.xiaomi.net 存在于黑白名单
WhiteLine#184 BlackLine#264045

srv.sec.miui.com 存在于黑白名单
WhiteLine#187 BlackLine#283786

stats.music.xiaomi.com 存在于黑白名单
WhiteLine#192 BlackLine#293477

str.hit.gemius.pl 存在于黑白名单
WhiteLine#193 BlackLine#295716 父域: gemius.pl@BlackLine#125674

tags.crwdcntrl.net 存在于黑白名单
WhiteLine#198 BlackLine#302238 父域: crwdcntrl.net@BlackLine#79598

tms.capitalone.com 存在于黑白名单
WhiteLine#204 BlackLine#312237

track.webgains.com 存在于黑白名单
WhiteLine#208 BlackLine#316813 父域: webgains.com@BlackLine#340821

www.datadoghq-browser-agent.com 存在于黑白名单
WhiteLine#215 BlackLine#352366

www.googleadservices.com 存在于黑白名单
WhiteLine#217 BlackLine#355946 父域: googleadservices.com@BlackLine#130943

www.jdoqocy.com 存在于黑白名单
WhiteLine#218 BlackLine#358062 父域: jdoqocy.com@BlackLine#159380

www.statcounter.com 存在于黑白名单
WhiteLine#219 BlackLine#366763 父域: statcounter.com@BlackLine#291993